// Jest Snapshot v1, https://goo.gl/fbAQLP

exports[`Header should render correctly 1`] = `
ShallowWrapper {
  "length": 1,
  Symbol(enzyme.__root__): [Circular],
  Symbol(enzyme.__unrendered__): <Header />,
  Symbol(enzyme.__renderer__): Object {
    "batchedUpdates": [Function],
    "getNode": [Function],
    "render": [Function],
    "simulateEvent": [Function],
    "unmount": [Function],
  },
  Symbol(enzyme.__node__): Object {
    "instance": null,
    "key": null,
    "nodeType": "host",
    "props": Object {
      "children": <span>
        <Link
          replace={false}
          to="/main"
        >
          <h1>
            Fetch
          </h1>
        </Link>
      </span>,
    },
    "ref": null,
    "rendered": Object {
      "instance": null,
      "key": null,
      "nodeType": "host",
      "props": Object {
        "children": <Link
          replace={false}
          to="/main"
        >
          <h1>
            Fetch
          </h1>
        </Link>,
      },
      "ref": null,
      "rendered": Object {
        "instance": null,
        "key": null,
        "nodeType": "class",
        "props": Object {
          "children": <h1>
            Fetch
          </h1>,
          "replace": false,
          "to": "/main",
        },
        "ref": null,
        "rendered": Object {
          "instance": null,
          "key": null,
          "nodeType": "host",
          "props": Object {
            "children": "Fetch",
          },
          "ref": null,
          "rendered": "Fetch",
          "type": "h1",
        },
        "type": [Function],
      },
      "type": "span",
    },
    "type": "div",
  },
  Symbol(enzyme.__nodes__): Array [
    Object {
      "instance": null,
      "key": null,
      "nodeType": "host",
      "props": Object {
        "children": <span>
          <Link
            replace={false}
            to="/main"
          >
            <h1>
              Fetch
            </h1>
          </Link>
        </span>,
      },
      "ref": null,
      "rendered": Object {
        "instance": null,
        "key": null,
        "nodeType": "host",
        "props": Object {
          "children": <Link
            replace={false}
            to="/main"
          >
            <h1>
              Fetch
            </h1>
          </Link>,
        },
        "ref": null,
        "rendered": Object {
          "instance": null,
          "key": null,
          "nodeType": "class",
          "props": Object {
            "children": <h1>
              Fetch
            </h1>,
            "replace": false,
            "to": "/main",
          },
          "ref": null,
          "rendered": Object {
            "instance": null,
            "key": null,
            "nodeType": "host",
            "props": Object {
              "children": "Fetch",
            },
            "ref": null,
            "rendered": "Fetch",
            "type": "h1",
          },
          "type": [Function],
        },
        "type": "span",
      },
      "type": "div",
    },
  ],
  Symbol(enzyme.__options__): Object {
    "adapter": ReactSixteenAdapter {
      "options": Object {
        "enableComponentDidUpdateOnSetState": true,
      },
    },
  },
}
`;
