// Jest Snapshot v1, https://goo.gl/fbAQLP

exports[`LoginPage should render correctly 1`] = `
ShallowWrapper {
  "length": 1,
  Symbol(enzyme.__root__): [Circular],
  Symbol(enzyme.__unrendered__): <LoginPage
    startLogin={[Function]}
  />,
  Symbol(enzyme.__renderer__): Object {
    "batchedUpdates": [Function],
    "getNode": [Function],
    "render": [Function],
    "simulateEvent": [Function],
    "unmount": [Function],
  },
  Symbol(enzyme.__node__): Object {
    "instance": null,
    "key": null,
    "nodeType": "host",
    "props": Object {
      "children": Array [
        <h1>
          Fetch
        </h1>,
        <p>
          Freedom from data entry.
        </p>,
        <button
          className="button"
          onClick={[Function]}
        >
          Login with Google
        </button>,
      ],
    },
    "ref": null,
    "rendered": Array [
      Object {
        "instance": null,
        "key": null,
        "nodeType": "host",
        "props": Object {
          "children": "Fetch",
        },
        "ref": null,
        "rendered": "Fetch",
        "type": "h1",
      },
      Object {
        "instance": null,
        "key": null,
        "nodeType": "host",
        "props": Object {
          "children": "Freedom from data entry.",
        },
        "ref": null,
        "rendered": "Freedom from data entry.",
        "type": "p",
      },
      Object {
        "instance": null,
        "key": null,
        "nodeType": "host",
        "props": Object {
          "children": "Login with Google",
          "className": "button",
          "onClick": [Function],
        },
        "ref": null,
        "rendered": "Login with Google",
        "type": "button",
      },
    ],
    "type": "div",
  },
  Symbol(enzyme.__nodes__): Array [
    Object {
      "instance": null,
      "key": null,
      "nodeType": "host",
      "props": Object {
        "children": Array [
          <h1>
            Fetch
          </h1>,
          <p>
            Freedom from data entry.
          </p>,
          <button
            className="button"
            onClick={[Function]}
          >
            Login with Google
          </button>,
        ],
      },
      "ref": null,
      "rendered": Array [
        Object {
          "instance": null,
          "key": null,
          "nodeType": "host",
          "props": Object {
            "children": "Fetch",
          },
          "ref": null,
          "rendered": "Fetch",
          "type": "h1",
        },
        Object {
          "instance": null,
          "key": null,
          "nodeType": "host",
          "props": Object {
            "children": "Freedom from data entry.",
          },
          "ref": null,
          "rendered": "Freedom from data entry.",
          "type": "p",
        },
        Object {
          "instance": null,
          "key": null,
          "nodeType": "host",
          "props": Object {
            "children": "Login with Google",
            "className": "button",
            "onClick": [Function],
          },
          "ref": null,
          "rendered": "Login with Google",
          "type": "button",
        },
      ],
      "type": "div",
    },
  ],
  Symbol(enzyme.__options__): Object {
    "adapter": ReactSixteenAdapter {
      "options": Object {
        "enableComponentDidUpdateOnSetState": true,
      },
    },
  },
}
`;
