// Jest Snapshot v1, https://goo.gl/fbAQLP

exports[`RowIdentifierLineItem renders correctly 1`] = `
ShallowWrapper {
  "length": 1,
  Symbol(enzyme.__root__): [Circular],
  Symbol(enzyme.__unrendered__): <RowIdentifierLineItem
    importRowIdentifierValues={true}
    importedRowIdentifierValue=""
    rowIdentifier={true}
    rowIdentifierId="1"
    rowIdentifiers={true}
    setImportedRowIdentifierValue="2983 Briggs Avenue"
  />,
  Symbol(enzyme.__renderer__): Object {
    "batchedUpdates": [Function],
    "getNode": [Function],
    "render": [Function],
    "simulateEvent": [Function],
    "unmount": [Function],
  },
  Symbol(enzyme.__node__): Object {
    "instance": null,
    "key": null,
    "nodeType": "host",
    "props": Object {
      "children": Array [
        <div>
          <SelectWithImportRowIdentifierOptions
            importRowIdentifierValues={true}
            importedRowIdentifierValue=""
            rowIdentifierId="1"
            rowIdentifiers={true}
            setImportedRowIdentifierValue="2983 Briggs Avenue"
          />
        </div>,
        <div />,
        <div />,
      ],
    },
    "ref": null,
    "rendered": Array [
      Object {
        "instance": null,
        "key": null,
        "nodeType": "host",
        "props": Object {
          "children": <SelectWithImportRowIdentifierOptions
            importRowIdentifierValues={true}
            importedRowIdentifierValue=""
            rowIdentifierId="1"
            rowIdentifiers={true}
            setImportedRowIdentifierValue="2983 Briggs Avenue"
          />,
        },
        "ref": null,
        "rendered": Object {
          "instance": null,
          "key": null,
          "nodeType": "function",
          "props": Object {
            "importRowIdentifierValues": true,
            "importedRowIdentifierValue": "",
            "rowIdentifierId": "1",
            "rowIdentifiers": true,
            "setImportedRowIdentifierValue": "2983 Briggs Avenue",
          },
          "ref": null,
          "rendered": null,
          "type": [Function],
        },
        "type": "div",
      },
      Object {
        "instance": null,
        "key": null,
        "nodeType": "host",
        "props": Object {
          "children": undefined,
        },
        "ref": null,
        "rendered": null,
        "type": "div",
      },
      Object {
        "instance": null,
        "key": null,
        "nodeType": "host",
        "props": Object {
          "children": undefined,
        },
        "ref": null,
        "rendered": null,
        "type": "div",
      },
    ],
    "type": "div",
  },
  Symbol(enzyme.__nodes__): Array [
    Object {
      "instance": null,
      "key": null,
      "nodeType": "host",
      "props": Object {
        "children": Array [
          <div>
            <SelectWithImportRowIdentifierOptions
              importRowIdentifierValues={true}
              importedRowIdentifierValue=""
              rowIdentifierId="1"
              rowIdentifiers={true}
              setImportedRowIdentifierValue="2983 Briggs Avenue"
            />
          </div>,
          <div />,
          <div />,
        ],
      },
      "ref": null,
      "rendered": Array [
        Object {
          "instance": null,
          "key": null,
          "nodeType": "host",
          "props": Object {
            "children": <SelectWithImportRowIdentifierOptions
              importRowIdentifierValues={true}
              importedRowIdentifierValue=""
              rowIdentifierId="1"
              rowIdentifiers={true}
              setImportedRowIdentifierValue="2983 Briggs Avenue"
            />,
          },
          "ref": null,
          "rendered": Object {
            "instance": null,
            "key": null,
            "nodeType": "function",
            "props": Object {
              "importRowIdentifierValues": true,
              "importedRowIdentifierValue": "",
              "rowIdentifierId": "1",
              "rowIdentifiers": true,
              "setImportedRowIdentifierValue": "2983 Briggs Avenue",
            },
            "ref": null,
            "rendered": null,
            "type": [Function],
          },
          "type": "div",
        },
        Object {
          "instance": null,
          "key": null,
          "nodeType": "host",
          "props": Object {
            "children": undefined,
          },
          "ref": null,
          "rendered": null,
          "type": "div",
        },
        Object {
          "instance": null,
          "key": null,
          "nodeType": "host",
          "props": Object {
            "children": undefined,
          },
          "ref": null,
          "rendered": null,
          "type": "div",
        },
      ],
      "type": "div",
    },
  ],
  Symbol(enzyme.__options__): Object {
    "adapter": ReactSixteenAdapter {
      "options": Object {
        "enableComponentDidUpdateOnSetState": true,
      },
    },
  },
}
`;
