// Jest Snapshot v1, https://goo.gl/fbAQLP

exports[`SelectImportFile renders correctly 1`] = `
ShallowWrapper {
  "length": 1,
  Symbol(enzyme.__root__): [Circular],
  Symbol(enzyme.__unrendered__): <SelectImportFile
    handleOnChange={[Function]}
    message="Test message"
  />,
  Symbol(enzyme.__renderer__): Object {
    "batchedUpdates": [Function],
    "getNode": [Function],
    "render": [Function],
    "simulateEvent": [Function],
    "unmount": [Function],
  },
  Symbol(enzyme.__node__): Object {
    "instance": null,
    "key": null,
    "nodeType": "host",
    "props": Object {
      "children": Array [
        <p>
          Test message
        </p>,
        <input
          accept=".csv"
          onChange={[Function]}
          onClick={[Function]}
          type="file"
        />,
        false,
      ],
    },
    "ref": null,
    "rendered": Array [
      Object {
        "instance": null,
        "key": null,
        "nodeType": "host",
        "props": Object {
          "children": "Test message",
        },
        "ref": null,
        "rendered": "Test message",
        "type": "p",
      },
      Object {
        "instance": null,
        "key": null,
        "nodeType": "host",
        "props": Object {
          "accept": ".csv",
          "onChange": [Function],
          "onClick": [Function],
          "type": "file",
        },
        "ref": null,
        "rendered": null,
        "type": "input",
      },
      false,
    ],
    "type": "form",
  },
  Symbol(enzyme.__nodes__): Array [
    Object {
      "instance": null,
      "key": null,
      "nodeType": "host",
      "props": Object {
        "children": Array [
          <p>
            Test message
          </p>,
          <input
            accept=".csv"
            onChange={[Function]}
            onClick={[Function]}
            type="file"
          />,
          false,
        ],
      },
      "ref": null,
      "rendered": Array [
        Object {
          "instance": null,
          "key": null,
          "nodeType": "host",
          "props": Object {
            "children": "Test message",
          },
          "ref": null,
          "rendered": "Test message",
          "type": "p",
        },
        Object {
          "instance": null,
          "key": null,
          "nodeType": "host",
          "props": Object {
            "accept": ".csv",
            "onChange": [Function],
            "onClick": [Function],
            "type": "file",
          },
          "ref": null,
          "rendered": null,
          "type": "input",
        },
        false,
      ],
      "type": "form",
    },
  ],
  Symbol(enzyme.__options__): Object {
    "adapter": ReactSixteenAdapter {
      "options": Object {
        "enableComponentDidUpdateOnSetState": true,
      },
    },
  },
}
`;
