// Jest Snapshot v1, https://goo.gl/fbAQLP

exports[`SelectWithImportOptions renders correctly with inputs 1`] = `
ShallowWrapper {
  "length": 1,
  Symbol(enzyme.__root__): [Circular],
  Symbol(enzyme.__unrendered__): <SelectWithImportOptions
    handleOnChange={[Function]}
    importFieldOptions={
      Array [
        "Street Address",
        "Property Type",
        "IDX Address Mapg",
      ]
    }
    importedFieldName={true}
    standardFieldId={true}
  />,
  Symbol(enzyme.__renderer__): Object {
    "batchedUpdates": [Function],
    "getNode": [Function],
    "render": [Function],
    "simulateEvent": [Function],
    "unmount": [Function],
  },
  Symbol(enzyme.__node__): Object {
    "instance": null,
    "key": null,
    "nodeType": "host",
    "props": Object {
      "children": <select
        onChange={[Function]}
        value={true}
      >
        <option
          value=""
        >
          No mapping
        </option>
        <option
          value="Street Address"
        >
          Street Address
        </option>
        <option
          value="Property Type"
        >
          Property Type
        </option>
        <option
          value="IDX Address Mapg"
        >
          IDX Address Mapg
        </option>
      </select>,
    },
    "ref": null,
    "rendered": Object {
      "instance": null,
      "key": null,
      "nodeType": "host",
      "props": Object {
        "children": Array [
          <option
            value=""
          >
            No mapping
          </option>,
          Array [
            <option
              value="Street Address"
            >
              Street Address
            </option>,
            <option
              value="Property Type"
            >
              Property Type
            </option>,
            <option
              value="IDX Address Mapg"
            >
              IDX Address Mapg
            </option>,
          ],
        ],
        "onChange": [Function],
        "value": true,
      },
      "ref": null,
      "rendered": Array [
        Object {
          "instance": null,
          "key": null,
          "nodeType": "host",
          "props": Object {
            "children": "No mapping",
            "value": "",
          },
          "ref": null,
          "rendered": "No mapping",
          "type": "option",
        },
        Object {
          "instance": null,
          "key": "0",
          "nodeType": "host",
          "props": Object {
            "children": "Street Address",
            "value": "Street Address",
          },
          "ref": null,
          "rendered": "Street Address",
          "type": "option",
        },
        Object {
          "instance": null,
          "key": "1",
          "nodeType": "host",
          "props": Object {
            "children": "Property Type",
            "value": "Property Type",
          },
          "ref": null,
          "rendered": "Property Type",
          "type": "option",
        },
        Object {
          "instance": null,
          "key": "2",
          "nodeType": "host",
          "props": Object {
            "children": "IDX Address Mapg",
            "value": "IDX Address Mapg",
          },
          "ref": null,
          "rendered": "IDX Address Mapg",
          "type": "option",
        },
      ],
      "type": "select",
    },
    "type": "form",
  },
  Symbol(enzyme.__nodes__): Array [
    Object {
      "instance": null,
      "key": null,
      "nodeType": "host",
      "props": Object {
        "children": <select
          onChange={[Function]}
          value={true}
        >
          <option
            value=""
          >
            No mapping
          </option>
          <option
            value="Street Address"
          >
            Street Address
          </option>
          <option
            value="Property Type"
          >
            Property Type
          </option>
          <option
            value="IDX Address Mapg"
          >
            IDX Address Mapg
          </option>
        </select>,
      },
      "ref": null,
      "rendered": Object {
        "instance": null,
        "key": null,
        "nodeType": "host",
        "props": Object {
          "children": Array [
            <option
              value=""
            >
              No mapping
            </option>,
            Array [
              <option
                value="Street Address"
              >
                Street Address
              </option>,
              <option
                value="Property Type"
              >
                Property Type
              </option>,
              <option
                value="IDX Address Mapg"
              >
                IDX Address Mapg
              </option>,
            ],
          ],
          "onChange": [Function],
          "value": true,
        },
        "ref": null,
        "rendered": Array [
          Object {
            "instance": null,
            "key": null,
            "nodeType": "host",
            "props": Object {
              "children": "No mapping",
              "value": "",
            },
            "ref": null,
            "rendered": "No mapping",
            "type": "option",
          },
          Object {
            "instance": null,
            "key": "0",
            "nodeType": "host",
            "props": Object {
              "children": "Street Address",
              "value": "Street Address",
            },
            "ref": null,
            "rendered": "Street Address",
            "type": "option",
          },
          Object {
            "instance": null,
            "key": "1",
            "nodeType": "host",
            "props": Object {
              "children": "Property Type",
              "value": "Property Type",
            },
            "ref": null,
            "rendered": "Property Type",
            "type": "option",
          },
          Object {
            "instance": null,
            "key": "2",
            "nodeType": "host",
            "props": Object {
              "children": "IDX Address Mapg",
              "value": "IDX Address Mapg",
            },
            "ref": null,
            "rendered": "IDX Address Mapg",
            "type": "option",
          },
        ],
        "type": "select",
      },
      "type": "form",
    },
  ],
  Symbol(enzyme.__options__): Object {
    "adapter": ReactSixteenAdapter {
      "options": Object {
        "enableComponentDidUpdateOnSetState": true,
      },
    },
  },
}
`;
